{"errorMessage": "Unable to import module 'lambda_function': No module named 'lambda_function'", "errorType": "Runtime.ImportModuleError"}